{
    "main": "../../commonjs/2/2-1/index.js",
    "module": "../../esnext/2/2-1/index.js"
}
