{
    "main": "../commonjs/1/index.js",
    "module": "../esnext/1/index.js"
}
